To honour the JVM settings for this build a single-use Daemon process will be forked. For more on this, please refer to https://docs.gradle.org/8.8/userguide/gradle_daemon.html#sec:disabling_the_daemon in the Gradle documentation.
Daemon will be stopped at the end of the build 

> Configure project :
Java: 18.0.1.1, JVM: 18.0.1.1+2-6 (Oracle Corporation), Arch: amd64

> Task :compileJava UP-TO-DATE

BUILD SUCCESSFUL in 7s
1 actionable task: 1 up-to-date
